// 重构日志: ebe6ae2a
// 重构日志: 92eb7e80
// 重构日志: a6dc5899
// 重构日志: 01965848
// 重构日志: e610f3c2
// 同步 ID: 03c545b1 @ Sun Jul 26 14:29:01 UTC 2026
// 同步 ID: 5f9ad59b @ Sun Jul 26 18:16:16 UTC 2026
// 同步 ID: 1f8525f6 @ Mon Jul 27 00:21:39 UTC 2026
// 重构日志: 74fa30ea
// 重构日志: 449adcc2
// 同步 ID: fec69548 @ Mon Jul 27 18:00:01 UTC 2026
// 重构日志: 4fdb518e
// 重构日志: f49ead65
// 重构日志: 570719e7
// 重构日志: f267bf01
// 同步 ID: ce984df7 @ Thu Jul 30 07:02:33 UTC 2026
// 重构日志: 9c9d7f93
// 同步 ID: bb5c8faa @ Fri Jul 31 04:45:30 UTC 2026
// 同步 ID: 156a9c11 @ Fri Jul 31 12:38:07 UTC 2026
// 重构日志: 41262028
// 重构日志: 274f9553
// 同步 ID: 84032139 @ Mon Aug  3 04:43:27 UTC 2026
// 重构日志: a325e377
// 同步 ID: fca805b3 @ Wed Aug  5 12:50:33 UTC 2026
// 同步 ID: be63900a @ Wed Aug  5 15:47:31 UTC 2026
// 重构日志: 442ce101
// 重构日志: 2d2b25f7
// 重构日志: a12a93e6
// 同步 ID: 8fb06002 @ Thu Aug  6 10:22:18 UTC 2026
// 同步 ID: 8bc29d50 @ Thu Aug  6 16:09:46 UTC 2026
// 重构日志: 44f7474f
// 重构日志: 2f5dc6cd
// 重构日志: 1b7b965e
// 重构日志: fbbe9dea
// 重构日志: 811b31d9
// 重构日志: a3526a79
// 重构日志: 871d6ac5
// 重构日志: 7cdbc638
